
ASEM-51 V1.3                                         Copyright (c) 2002 by W.W. Heinz                                         PAGE 1





       MCS-51 Family Macro Assembler   A S E M - 5 1   V 1.3
       =====================================================



	Source File:	D:\Saujana Shafi\College\Semester 5\Praktikum\Tubes\nokomen.asm
	Object File:	D:\Saujana Shafi\College\Semester 5\Praktikum\Tubes\nokomen.hex
	List File:	D:\Saujana Shafi\College\Semester 5\Praktikum\Tubes\nokomen.lst



 Line  I  Addr  Code            Source

    1:		N      0000	ORG 00H
    2:		B      00B0	NEWNUM EQU P3.0
    3:		B      00B1	NEWDIG EQU P3.1
    4:		B      00B5	RS EQU P3.5
    5:		B      00B7	RW EQU P3.7
    6:		D      0090	LCD EQU P1
    7:		B	 A0	row4 bit P2.0
    8:		B	 A1	row3 bit P2.1
    9:		B	 A2	row2 bit P2.2
   10:		B	 A3	row1 bit P2.3
   11:		B	 A4	col1 bit P2.4
   12:		B	 A5	col2 bit P2.5
   13:		B	 A6	col3 bit P2.6
   14:		B	 A7	col4 bit P2.7
   15:
   16:	  0000	78 38		MOV R0, #38H
   17:	  0002	31 3C		ACALL COMMAND
   18:	  0004	78 0E		MOV R0, #0EH
   19:	  0006	31 3C		ACALL COMMAND
   20:	  0008	78 80		MOV R0, #80H
   21:	  000A	31 3C		ACALL COMMAND
   22:	  000C	78 01		MOV R0, #01H
   23:	  000E	31 3C		ACALL COMMAND
   24:
   25:	  0010	7C 00		MOV R4, #00H
   26:	  0012	75 B0 00	MOV P3, #00H
   27:	  0015	75 A0 FE	MOV P2, #0FEH
   28:	  0018	7B 00		MOV R3, #00H
   29:	  001A	79 00		MOV R1, #00H
   30:	  001C	7A 2B		MOV R2, #'+'
   31:
   32:	  001E			L1:
   33:	  001E	30 A0 0B	    JNB row4, C1
   34:	  0021	30 A1 1A	    JNB row3, C2
   35:	  0024	30 A2 29	    JNB row2, C3
   36:	  0027	30 A3 38	    JNB row1, C4
   37:	  002A	80 F2		    SJMP L1
   38:
   39:	  002C			C1:
   40:	  002C	30 A4 46	    JNB col1, JUMP_BUTTON_ON
   41:	  002F	30 A5 46	    JNB col2, JUMP_BUTTON_ZERO
   42:	  0032	30 A6 6D	    JNB col3, JUMP_BUTTON_EQUAL
   43:	  0035	30 A7 5E	    JNB col4, JUMP_BUTTON_ADD

ASEM-51 V1.3                                         Copyright (c) 2002 by W.W. Heinz                                         PAGE 2



 Line  I  Addr  Code            Source

   44:	  0038	D2 A0		    SETB row4
   45:	  003A	C2 A1		    CLR row3
   46:	  003C	80 E0		    SJMP L1
   47:
   48:	  003E			C2:
   49:	  003E	30 A4 3A	    JNB col1, JUMP_BUTTON_1
   50:	  0041	30 A5 3A	    JNB col2, JUMP_BUTTON_2
   51:	  0044	30 A6 3A	    JNB col3, JUMP_BUTTON_3
   52:	  0047	30 A7 4F	    JNB col4, JUMP_BUTTON_SUBSTRACT
   53:	  004A	D2 A1		    SETB row3
   54:	  004C	C2 A2		    CLR row2
   55:	  004E	80 CE		    SJMP L1
   56:
   57:	  0050			C3:
   58:	  0050	30 A4 31	    JNB col1, JUMP_BUTTON_4
   59:	  0053	30 A5 31	    JNB col2, JUMP_BUTTON_5
   60:	  0056	30 A6 31	    JNB col3, JUMP_BUTTON_6
   61:	  0059	30 A7 40	    JNB col4, JUMP_BUTTON_MULTIPLY
   62:	  005C	D2 A2		    SETB row2
   63:	  005E	C2 A3		    CLR row1
   64:	  0060	80 BC		    SJMP L1
   65:
   66:	  0062			C4:
   67:	  0062	30 A4 28	    JNB col1, JUMP_BUTTON_7
   68:	  0065	30 A5 28	    JNB col2, JUMP_BUTTON_8
   69:	  0068	30 A6 28	    JNB col3, JUMP_BUTTON_9
   70:	  006B	30 A7 31	    JNB col4, JUMP_BUTTON_DIVIDE
   71:	  006E	D2 A3		    SETB row1
   72:	  0070	C2 A0		    CLR row4
   73:	  0072	02 00 1E	    LJMP L1
   74:
   75:	  0075	02 00 A5	JUMP_BUTTON_ON: LJMP BUTTON_ON
   76:	  0078	02 00 AA	JUMP_BUTTON_ZERO: LJMP BUTTON_ZERO
   77:	  007B	02 00 C5	JUMP_BUTTON_1: LJMP BUTTON_1
   78:	  007E	02 00 CE	JUMP_BUTTON_2: LJMP BUTTON_2
   79:	  0081	02 00 D7	JUMP_BUTTON_3: LJMP BUTTON_3
   80:	  0084	02 00 E9	JUMP_BUTTON_4: LJMP BUTTON_4
   81:	  0087	02 00 F2	JUMP_BUTTON_5: LJMP BUTTON_5
   82:	  008A	02 00 FB	JUMP_BUTTON_6: LJMP BUTTON_6
   83:	  008D	02 01 0D	JUMP_BUTTON_7: LJMP BUTTON_7
   84:	  0090	02 01 16	JUMP_BUTTON_8: LJMP BUTTON_8
   85:	  0093	02 01 1F	JUMP_BUTTON_9: LJMP BUTTON_9
   86:	  0096	02 00 BC	JUMP_BUTTON_ADD: LJMP BUTTON_ADD
   87:	  0099	02 00 E0	JUMP_BUTTON_SUBSTRACT: LJMP BUTTON_SUBSTRACT
   88:	  009C	02 01 04	JUMP_BUTTON_MULTIPLY: LJMP BUTTON_MULTIPLY
   89:	  009F	02 01 28	JUMP_BUTTON_DIVIDE: LJMP BUTTON_DIVIDE
   90:	  00A2	02 00 B3	JUMP_BUTTON_EQUAL: LJMP BUTTON_EQUAL
   91:
   92:	  00A5			BUTTON_ON:
   93:	  00A5	D2 B6		    SETB P3.6
   94:	  00A7	02 00 1E	    LJMP L1
   95:
   96:	  00AA			BUTTON_ZERO:
   97:	  00AA	78 30		    MOV R0, #'0'
   98:	  00AC	31 47		    ACALL NUMBER
   99:	  00AE	31 31		    ACALL DISPLAY

ASEM-51 V1.3                                         Copyright (c) 2002 by W.W. Heinz                                         PAGE 3



 Line  I  Addr  Code            Source

  100:	  00B0	02 00 1E	    LJMP L1
  101:
  102:	  00B3			BUTTON_EQUAL:
  103:	  00B3	78 3D		    MOV R0, #'='
  104:	  00B5	31 31		    ACALL DISPLAY
  105:	  00B7	31 8F		    ACALL RESULT
  106:	  00B9	02 00 1E	    LJMP L1
  107:
  108:	  00BC			BUTTON_ADD:
  109:	  00BC	78 2B		    MOV R0, #'+'
  110:	  00BE	31 88		    ACALL OPERATION
  111:	  00C0	31 31		    ACALL DISPLAY
  112:	  00C2	02 00 1E	    LJMP L1
  113:
  114:	  00C5			BUTTON_1:
  115:	  00C5	78 31		    MOV R0, #'1'
  116:	  00C7	31 47		    ACALL NUMBER
  117:	  00C9	31 31		    ACALL DISPLAY
  118:	  00CB	02 00 1E	    LJMP L1
  119:
  120:	  00CE			BUTTON_2:
  121:	  00CE	78 32		    MOV R0, #'2'
  122:	  00D0	31 47		    ACALL NUMBER
  123:	  00D2	31 31		    ACALL DISPLAY
  124:	  00D4	02 00 1E	    LJMP L1
  125:
  126:	  00D7			BUTTON_3:
  127:	  00D7	78 33		    MOV R0, #'3'
  128:	  00D9	31 47		    ACALL NUMBER
  129:	  00DB	31 31		    ACALL DISPLAY
  130:	  00DD	02 00 1E	    LJMP L1
  131:
  132:	  00E0			BUTTON_SUBSTRACT:
  133:	  00E0	78 2D		    MOV R0, #'-'
  134:	  00E2	31 88		    ACALL OPERATION
  135:	  00E4	31 31		    ACALL DISPLAY
  136:	  00E6	02 00 1E	    LJMP L1
  137:
  138:	  00E9			BUTTON_4:
  139:	  00E9	78 34		    MOV R0, #'4'
  140:	  00EB	31 47		    ACALL NUMBER
  141:	  00ED	31 31		    ACALL DISPLAY
  142:	  00EF	02 00 1E	    LJMP L1
  143:
  144:	  00F2			BUTTON_5:
  145:	  00F2	78 35		    MOV R0, #'5'
  146:	  00F4	31 47		    ACALL NUMBER
  147:	  00F6	31 31		    ACALL DISPLAY
  148:	  00F8	02 00 1E	    LJMP L1
  149:
  150:	  00FB			BUTTON_6:
  151:	  00FB	78 36		    MOV R0, #'6'
  152:	  00FD	31 47		    ACALL NUMBER
  153:	  00FF	31 31		    ACALL DISPLAY
  154:	  0101	02 00 1E	    LJMP L1
  155:

ASEM-51 V1.3                                         Copyright (c) 2002 by W.W. Heinz                                         PAGE 4



 Line  I  Addr  Code            Source

  156:	  0104			BUTTON_MULTIPLY:
  157:	  0104	78 2A		    MOV R0, #'*'
  158:	  0106	31 88		    ACALL OPERATION
  159:	  0108	31 31		    ACALL DISPLAY
  160:	  010A	02 00 1E	    LJMP L1
  161:
  162:	  010D			BUTTON_7:
  163:	  010D	78 37		    MOV R0, #'7'
  164:	  010F	31 47		    ACALL NUMBER
  165:	  0111	31 31		    ACALL DISPLAY
  166:	  0113	02 00 1E	    LJMP L1
  167:
  168:	  0116			BUTTON_8:
  169:	  0116	78 38		    MOV R0, #'8'
  170:	  0118	31 47		    ACALL NUMBER
  171:	  011A	31 31		    ACALL DISPLAY
  172:	  011C	02 00 1E	    LJMP L1
  173:
  174:	  011F			BUTTON_9:
  175:	  011F	78 39		    MOV R0, #'9'
  176:	  0121	31 47		    ACALL NUMBER
  177:	  0123	31 31		    ACALL DISPLAY
  178:	  0125	02 00 1E	    LJMP L1
  179:
  180:	  0128			BUTTON_DIVIDE:
  181:	  0128	78 2F		    MOV R0, #'/'
  182:	  012A	31 88		    ACALL OPERATION
  183:	  012C	31 31		    ACALL DISPLAY
  184:	  012E	02 00 1E	    LJMP L1
  185:
  186:	  0131			DISPLAY:
  187:	  0131	88 90		    MOV LCD, R0
  188:	  0133	D2 B5		    SETB RS
  189:	  0135	D2 B7		    SETB RW
  190:	  0137	C2 B7		    CLR RW
  191:	  0139	51 57		    ACALL DELAY
  192:	  013B	22		    RET
  193:
  194:	  013C			COMMAND:
  195:	  013C	88 90		    MOV LCD, R0
  196:	  013E	C2 B5		    CLR RS
  197:	  0140	D2 B7		    SETB RW
  198:	  0142	C2 B7		    CLR RW
  199:	  0144	51 57		    ACALL DELAY
  200:	  0146	22		    RET
  201:
  202:	  0147			NUMBER:
  203:	  0147	20 B0 1F	    JB NEWNUM, SECONDNUM
  204:	  014A	20 B1 07	    JB NEWDIG, NEWDIGIT
  205:	  014D	E8		    MOV A, R0
  206:	  014E	94 30		    SUBB A, #30H
  207:	  0150	F9		    MOV R1, A
  208:	  0151	D2 B1		    SETB NEWDIG
  209:	  0153	22		    RET
  210:
  211:	  0154			NEWDIGIT:

ASEM-51 V1.3                                         Copyright (c) 2002 by W.W. Heinz                                         PAGE 5



 Line  I  Addr  Code            Source

  212:	  0154	E8		    MOV A, R0
  213:	  0155	75 F0 0A	    MOV B, #10D
  214:	  0158	94 30		    SUBB A, #30H
  215:	  015A	FF		    MOV R7, A
  216:	  015B	E9		    MOV A, R1
  217:	  015C	A4		    MUL AB
  218:	  015D	AE F0		    MOV R6, B
  219:	  015F	BE 00 65	    CJNE R6, #00H, JUMP_POPED
  220:	  0162	2F		    ADD A, R7
  221:	  0163	40 62		    JC JUMP_POPED
  222:	  0165	F9		    MOV R1, A
  223:	  0166	D2 B1		    SETB NEWDIG
  224:	  0168	22		    RET
  225:
  226:	  0169			SECONDNUM:
  227:	  0169	20 B1 07	    JB NEWDIG, NEWDIGIT2
  228:	  016C	E8		    MOV A, R0
  229:	  016D	94 30		    SUBB A, #30H
  230:	  016F	FB		    MOV R3, A
  231:	  0170	D2 B1		    SETB NEWDIG
  232:	  0172	22		    RET
  233:
  234:	  0173			NEWDIGIT2:
  235:	  0173	E8		    MOV A, R0
  236:	  0174	75 F0 0A	    MOV B, #10D
  237:	  0177	94 30		    SUBB A, #30H
  238:	  0179	FF		    MOV R7, A
  239:	  017A	EB		    MOV A, R3
  240:	  017B	A4		    MUL AB
  241:	  017C	AE F0		    MOV R6, B
  242:	  017E	BE 00 46	    CJNE R6, #00H, JUMP_POPED
  243:	  0181	2F		    ADD A, R7
  244:	  0182	40 43		    JC JUMP_POPED
  245:	  0184	FB		    MOV R3, A
  246:	  0185	D2 B1		    SETB NEWDIG
  247:	  0187	22		    RET
  248:
  249:	  0188			OPERATION:
  250:	  0188	D2 B0		    SETB NEWNUM
  251:	  018A	C2 B1		    CLR NEWDIG
  252:	  018C	E8		    MOV A, R0
  253:	  018D	FA		    MOV R2, A
  254:	  018E	22		    RET
  255:
  256:	  018F			RESULT:
  257:	  018F	BA 2B 0B	    CJNE R2, #'+', SUBSTRACTIONS
  258:	  0192	E9		    MOV A, R1
  259:	  0193	C3		    CLR C
  260:	  0194	2B		    ADD A, R3
  261:	  0195	40 30		    JC JUMP_POPED
  262:	  0197	7D 00		    MOV R5, #0H
  263:	  0199	FC		    MOV R4, A
  264:	  019A	02 01 CA	    LJMP PRINTOUT
  265:
  266:	  019D			SUBSTRACTIONS:
  267:	  019D	BA 2D 0B	    CJNE R2, #'-', MULTIPLICATION

ASEM-51 V1.3                                         Copyright (c) 2002 by W.W. Heinz                                         PAGE 6



 Line  I  Addr  Code            Source

  268:	  01A0	E9		    MOV A, R1
  269:	  01A1	C3		    CLR C
  270:	  01A2	9B		    SUBB A, R3
  271:	  01A3	40 22		    JC JUMP_POPED
  272:	  01A5	7D 00		    MOV R5, #0H
  273:	  01A7	FC		    MOV R4, A
  274:	  01A8	02 01 CA	    LJMP PRINTOUT
  275:
  276:	  01AB			MULTIPLICATION:
  277:	  01AB	BA 2A 0F	    CJNE R2, #'*', DIVISION
  278:	  01AE	E9		    MOV A, R1
  279:	  01AF	8B F0		    MOV B, R3
  280:	  01B1	A4		    MUL AB
  281:	  01B2	AF F0		    MOV R7, B
  282:	  01B4	BF 00 79	    CJNE R7, #0H, POPED
  283:	  01B7	7D 00		    MOV R5, #0H
  284:	  01B9	FC		    MOV R4, A
  285:	  01BA	02 01 CA	    LJMP PRINTOUT
  286:
  287:	  01BD			DIVISION:
  288:	  01BD	E9		    MOV A, R1
  289:	  01BE	8B F0		    MOV B, R3
  290:	  01C0	84		    DIV AB
  291:	  01C1	FC		    MOV R4, A
  292:	  01C2	AD F0		    MOV R5, B
  293:	  01C4	02 01 CA	    LJMP PRINTOUT
  294:
  295:	  01C7			JUMP_POPED:
  296:	  01C7	02 02 30	    LJMP POPED
  297:
  298:	  01CA			PRINTOUT:
  299:	  01CA	BB 00 16	    CJNE R3, #0D, NORMAL
  300:	  01CD	BA 2F 13	    CJNE R2, #'/', NORMAL
  301:	  01D0	78 C0		    MOV R0, #0C0H
  302:	  01D2	31 3C		    ACALL COMMAND
  303:	  01D4	90 02 6A	    MOV DPTR, #ERROR_MSG
  304:	  01D7	C3		    CLR C
  305:	  01D8	7F 00		    MOV R7, #0D
  306:	  01DA			NEXT:
  307:	  01DA	EF		    MOV A, R7
  308:	  01DB	93		    MOVC A, @A+DPTR
  309:	  01DC	F8		    MOV R0, A
  310:	  01DD	31 31		    ACALL DISPLAY
  311:	  01DF	0F		    INC R7
  312:	  01E0	70 F8		    JNZ NEXT
  313:	  01E2	22		    RET
  314:
  315:	  01E3			NORMAL:
  316:	  01E3	7F 64		    MOV R7, #100D
  317:	  01E5	C3		    CLR C
  318:	  01E6	9F		    SUBB A, R7
  319:	  01E7	40 22		    JC UNDER100
  320:	  01E9	EC		    MOV A, R4
  321:	  01EA	8F F0		    MOV B, R7
  322:	  01EC	84		    DIV AB
  323:	  01ED	24 30		    ADD A, #30H

ASEM-51 V1.3                                         Copyright (c) 2002 by W.W. Heinz                                         PAGE 7



 Line  I  Addr  Code            Source

  324:	  01EF	F8		    MOV R0, A
  325:	  01F0	31 31		    ACALL DISPLAY
  326:	  01F2	AC F0		    MOV R4, B
  327:	  01F4	E5 F0		    MOV A, B
  328:	  01F6	7F 0A		    MOV R7, #10D
  329:	  01F8	8F F0		    MOV B, R7
  330:	  01FA	84		    DIV AB
  331:	  01FB	24 30		    ADD A, #30H
  332:	  01FD	F8		    MOV R0, A
  333:	  01FE	31 31		    ACALL DISPLAY
  334:	  0200	E5 F0		    MOV A, B
  335:	  0202	24 30		    ADD A, #30H
  336:	  0204	F8		    MOV R0, A
  337:	  0205	31 31		    ACALL DISPLAY
  338:	  0207	BD 00 3B	    CJNE R5, #00H, DECIMAL
  339:	  020A	22		    RET
  340:
  341:	  020B			UNDER100:
  342:	  020B	7F 0A		    MOV R7, #10D
  343:	  020D	C3		    CLR C
  344:	  020E	EC		    MOV A, R4
  345:	  020F	9F		    SUBB A, R7
  346:	  0210	40 14		    JC UNDER10
  347:	  0212	EC		    MOV A, R4
  348:	  0213	8F F0		    MOV B, R7
  349:	  0215	84		    DIV AB
  350:	  0216	24 30		    ADD A, #30H
  351:	  0218	F8		    MOV R0, A
  352:	  0219	31 31		    ACALL DISPLAY
  353:	  021B	E5 F0		    MOV A, B
  354:	  021D	24 30		    ADD A, #30H
  355:	  021F	F8		    MOV R0, A
  356:	  0220	31 31		    ACALL DISPLAY
  357:	  0222	BD 00 20	    CJNE R5, #00H, DECIMAL
  358:	  0225	22		    RET
  359:
  360:	  0226			UNDER10:
  361:	  0226	EC		    MOV A, R4
  362:	  0227	24 30		    ADD A, #30H
  363:	  0229	F8		    MOV R0, A
  364:	  022A	31 31		    ACALL DISPLAY
  365:	  022C	BD 00 16	    CJNE R5, #00H, DECIMAL
  366:	  022F	22		    RET
  367:
  368:	  0230			POPED:
  369:	  0230	78 C0		    MOV R0, #0C0H
  370:	  0232	31 3C		    ACALL COMMAND
  371:	  0234	90 02 79	    MOV DPTR, #ERROR_MSG2
  372:	  0237	C3		    CLR C
  373:	  0238	7F 00		    MOV R7, #0D
  374:	  023A			NEXT2:
  375:	  023A	EF		    MOV A, R7
  376:	  023B	93		    MOVC A, @A+DPTR
  377:	  023C	F8		    MOV R0, A
  378:	  023D	31 31		    ACALL DISPLAY
  379:	  023F	60 03		    JZ FIM

ASEM-51 V1.3                                         Copyright (c) 2002 by W.W. Heinz                                         PAGE 8



 Line  I  Addr  Code            Source

  380:	  0241	0F		    INC R7
  381:	  0242	80 F6		    SJMP NEXT2
  382:	  0244			FIM:
  383:	  0244	22		    RET
  384:
  385:	  0245			DECIMAL:
  386:	  0245	78 2E		    MOV R0, #'.'
  387:	  0247	31 31		    ACALL DISPLAY
  388:	  0249	ED		    MOV A, R5
  389:	  024A	75 F0 0A	    MOV B, #10D
  390:	  024D	A4		    MUL AB
  391:	  024E	8B F0		    MOV B, R3
  392:	  0250	84		    DIV AB
  393:	  0251	24 30		    ADD A, #30H
  394:	  0253	F8		    MOV R0, A
  395:	  0254	31 31		    ACALL DISPLAY
  396:	  0256	22		    RET
  397:
  398:	  0257			DELAY:
  399:	  0257	75 3E 02	    MOV 62, #2
  400:	  025A			DELAY1:
  401:	  025A	75 3D FA	    MOV 61, #250
  402:	  025D			DELAY2:
  403:	  025D	75 3C FA	    MOV 60, #250
  404:	  0260	D5 3C FD	    DJNZ 60, $
  405:	  0263	D5 3D F7	    DJNZ 61, DELAY2
  406:	  0266	D5 3E F1	    DJNZ 62, DELAY1
  407:	  0269	22		    RET
  408:
  409:	  026A	45 52 52 4F	ERROR_MSG: DB 'ERROR DIV BY 0', 0
	  026E	52 20 44 49
	  0272	56 20 42 59
	  0276	20 30 00
  410:	  0279	4F 56 45 52	ERROR_MSG2: DB 'OVERFLOW!', 0
	  027D	46 4C 4F 57
	  0281	21 00
  411:				END





                     register banks used:  ---

                     no errors




ASEM-51 V1.3                                         Copyright (c) 2002 by W.W. Heinz                                         PAGE 9





	       L I S T   O F   S Y M B O L S
	       =============================


SYMBOL				  TYPE     VALUE	LINE
------------------------------------------------------------
??ASEM_51			  NUMBER    8051
??VERSION			  NUMBER    0130
AC				  BIT	      D6
ACC				  DATA	      E0
B				  DATA	      F0
BUTTON_1			  CODE	    00C5	 114
BUTTON_2			  CODE	    00CE	 120
BUTTON_3			  CODE	    00D7	 126
BUTTON_4			  CODE	    00E9	 138
BUTTON_5			  CODE	    00F2	 144
BUTTON_6			  CODE	    00FB	 150
BUTTON_7			  CODE	    010D	 162
BUTTON_8			  CODE	    0116	 168
BUTTON_9			  CODE	    011F	 174
BUTTON_ADD			  CODE	    00BC	 108
BUTTON_DIVIDE			  CODE	    0128	 180
BUTTON_EQUAL			  CODE	    00B3	 102
BUTTON_MULTIPLY			  CODE	    0104	 156
BUTTON_ON			  CODE	    00A5	  92
BUTTON_SUBSTRACT		  CODE	    00E0	 132
BUTTON_ZERO			  CODE	    00AA	  96
C1				  CODE	    002C	  39
C2				  CODE	    003E	  48
C3				  CODE	    0050	  57
C4				  CODE	    0062	  66
COL1				  BIT	      A4	  11
COL2				  BIT	      A5	  12
COL3				  BIT	      A6	  13
COL4				  BIT	      A7	  14
COMMAND				  CODE	    013C	 194
CY				  BIT	      D7
DECIMAL				  CODE	    0245	 385
DELAY				  CODE	    0257	 398
DELAY1				  CODE	    025A	 400
DELAY2				  CODE	    025D	 402
DISPLAY				  CODE	    0131	 186
DIVISION			  CODE	    01BD	 287
DPH				  DATA	      83
DPL				  DATA	      82
EA				  BIT	      AF
ERROR_MSG			  CODE	    026A	 409
ERROR_MSG2			  CODE	    0279	 410
ES				  BIT	      AC
ET0				  BIT	      A9
ET1				  BIT	      AB
EX0				  BIT	      A8
EX1				  BIT	      AA
EXTI0				  CODE	    0003
EXTI1				  CODE	    0013
F0				  BIT	      D5

ASEM-51 V1.3                                        Copyright (c) 2002 by W.W. Heinz                                         PAGE 10



SYMBOL				  TYPE     VALUE	LINE
------------------------------------------------------------
FIM				  CODE	    0244	 382
IE				  DATA	      A8
IE0				  BIT	      89
IE1				  BIT	      8B
INT0				  BIT	      B2
INT1				  BIT	      B3
IP				  DATA	      B8
IT0				  BIT	      88
IT1				  BIT	      8A
JUMP_BUTTON_1			  CODE	    007B	  77
JUMP_BUTTON_2			  CODE	    007E	  78
JUMP_BUTTON_3			  CODE	    0081	  79
JUMP_BUTTON_4			  CODE	    0084	  80
JUMP_BUTTON_5			  CODE	    0087	  81
JUMP_BUTTON_6			  CODE	    008A	  82
JUMP_BUTTON_7			  CODE	    008D	  83
JUMP_BUTTON_8			  CODE	    0090	  84
JUMP_BUTTON_9			  CODE	    0093	  85
JUMP_BUTTON_ADD			  CODE	    0096	  86
JUMP_BUTTON_DIVIDE		  CODE	    009F	  89
JUMP_BUTTON_EQUAL		  CODE	    00A2	  90
JUMP_BUTTON_MULTIPLY		  CODE	    009C	  88
JUMP_BUTTON_ON			  CODE	    0075	  75
JUMP_BUTTON_SUBSTRACT		  CODE	    0099	  87
JUMP_BUTTON_ZERO		  CODE	    0078	  76
JUMP_POPED			  CODE	    01C7	 295
L1				  CODE	    001E	  32
LCD				  NUMBER    0090	   6
MULTIPLICATION			  CODE	    01AB	 276
NEWDIG				  NUMBER    00B1	   3
NEWDIGIT			  CODE	    0154	 211
NEWDIGIT2			  CODE	    0173	 234
NEWNUM				  NUMBER    00B0	   2
NEXT				  CODE	    01DA	 306
NEXT2				  CODE	    023A	 374
NORMAL				  CODE	    01E3	 315
NUMBER				  CODE	    0147	 202
OPERATION			  CODE	    0188	 249
OV				  BIT	      D2
P				  BIT	      D0
P0				  DATA	      80
P1				  DATA	      90
P2				  DATA	      A0
P3				  DATA	      B0
PCON				  DATA	      87
POPED				  CODE	    0230	 368
PRINTOUT			  CODE	    01CA	 298
PS				  BIT	      BC
PSW				  DATA	      D0
PT0				  BIT	      B9
PT1				  BIT	      BB
PX0				  BIT	      B8
PX1				  BIT	      BA
RB8				  BIT	      9A
RD				  BIT	      B7
REN				  BIT	      9C

ASEM-51 V1.3                                        Copyright (c) 2002 by W.W. Heinz                                         PAGE 11



SYMBOL				  TYPE     VALUE	LINE
------------------------------------------------------------
RESET				  CODE	    0000
RESULT				  CODE	    018F	 256
RI				  BIT	      98
ROW1				  BIT	      A3	  10
ROW2				  BIT	      A2	   9
ROW3				  BIT	      A1	   8
ROW4				  BIT	      A0	   7
RS				  NUMBER    00B5	   4
RS0				  BIT	      D3
RS1				  BIT	      D4
RW				  NUMBER    00B7	   5
RXD				  BIT	      B0
SBUF				  DATA	      99
SCON				  DATA	      98
SECONDNUM			  CODE	    0169	 226
SINT				  CODE	    0023
SM0				  BIT	      9F
SM1				  BIT	      9E
SM2				  BIT	      9D
SP				  DATA	      81
SUBSTRACTIONS			  CODE	    019D	 266
T0				  BIT	      B4
T1				  BIT	      B5
TB8				  BIT	      9B
TCON				  DATA	      88
TF0				  BIT	      8D
TF1				  BIT	      8F
TH0				  DATA	      8C
TH1				  DATA	      8D
TI				  BIT	      99
TIMER0				  CODE	    000B
TIMER1				  CODE	    001B
TL0				  DATA	      8A
TL1				  DATA	      8B
TMOD				  DATA	      89
TR0				  BIT	      8C
TR1				  BIT	      8E
TXD				  BIT	      B1
UNDER10				  CODE	    0226	 360
UNDER100			  CODE	    020B	 341
WR				  BIT	      B6
